Conectando a WebSocket en http://localhost:4040...
Ô£à Conectado al servidor WebSocket!
Enviando trabajo de impresi├│n destinado a fallar por timeout...
POST /api/imprimir exitoso: {
  success: true,
  message: 'Trabajo encolado correctamente',
  jobId: '1772758758073-jbrkfdske',
  queueSnapshot: { position: 2, total: 2, pending: 2, processing: 0 }
}
ÔÅ│ Esperando que pasen los reintentos (esto tardar├í unos 3 minutos dependiendo del backoff)...

­ƒÜ¿ ====== EVENTO JOB-ERROR RECIBIDO ====== ­ƒÜ¿
{
  "status": "error",
  "jobId": "1772758739622-2339c9nnz",
  "orderId": "pedido_PRUEBA_WS_123",
  "printerIp": "10.255.255.255",
  "message": "HandleImpresion devolvi├│ falso indicando fallo interno"
}
========================================

Prueba exitosa. Cerrando...
